Requiring bcryptjs...
bcryptjs loaded
Requiring @prisma/client...
@prisma/client loaded
